<?xml version="1.0" encoding="UTF-8"?>
<testsuites name="jest tests" tests="5" failures="0" errors="0" time="0.941">
  <testsuite name="usePaymentPolling" errors="0" failures="0" skipped="1" timestamp="2026-03-17T08:44:30" time="0.586" tests="5">
    <testcase classname="usePaymentPolling transitions to success on confirmed status" name="usePaymentPolling transitions to success on confirmed status" time="0.011">
    </testcase>
    <testcase classname="usePaymentPolling stops and shows error on failed status" name="usePaymentPolling stops and shows error on failed status" time="0.004">
    </testcase>
    <testcase classname="usePaymentPolling shows generic error when failed with no error_message" name="usePaymentPolling shows generic error when failed with no error_message" time="0.001">
    </testcase>
    <testcase classname="usePaymentPolling surfaces error_message from API when present during confirming" name="usePaymentPolling surfaces error_message from API when present during confirming" time="0.001">
    </testcase>
    <testcase classname="usePaymentPolling times out after MAX_POLL_MS and shows timeout message" name="usePaymentPolling times out after MAX_POLL_MS and shows timeout message" time="0">
      <skipped/>
    </testcase>
  </testsuite>
</testsuites>